// Jest Snapshot v1, https://goo.gl/fbAQLP

exports[`Tree class tree matches snapshot 1`] = `
{
  "children": {
    "alt": {
      "children": {
        "alt-page": {
          "content": "<p>This is a page using the alt template in a subdirectory.</p>
",
          "dirname": "alt",
          "metadata": {
            "template": "alt",
            "title": "Subdirectory Alt Template Page",
          },
        },
        "page": {
          "content": "<p>This is a page using the default template in a subdirectory.</p>
",
          "dirname": "alt",
          "metadata": {
            "title": "Subdirectory Default Template Page",
          },
        },
      },
    },
    "alt-page": {
      "content": "<p>This is a page using the alternative template.</p>
",
      "dirname": "",
      "metadata": {
        "template": "alt",
        "title": "Alt Template Page",
      },
    },
    "simple": {
      "children": {
        "child1": {
          "content": "<p>This is a simple child page.</p>
",
          "dirname": "simple",
          "metadata": {
            "title": "Simple Child Page 1",
          },
        },
        "child2": {
          "content": "<p>This is another simple child page.</p>
",
          "dirname": "simple",
          "metadata": {
            "title": "Simple Child Page 2",
          },
        },
      },
      "content": "<p>This is a simple page.</p>
",
      "dirname": "",
      "metadata": {
        "title": "Simple Page",
      },
    },
    "sub": {
      "children": {
        "regular": {
          "content": "<p>This is a regular page in a subdirectory.</p>
",
          "dirname": "sub",
          "metadata": {
            "title": "Sub Regular Page",
          },
        },
      },
      "content": "<p>This is an index page in a subdirectory.</p>
",
      "dirname": "sub",
      "metadata": {
        "title": "Sub Index Page",
      },
    },
  },
  "content": "<p>This is the homepage of Test Site.</p>
",
  "dirname": "",
  "metadata": {
    "title": "Home",
  },
}
`;
